<testsuite name="Django Project Tests" errors="0" failures="0" skips="0" tests="98" time="16.301"><testcase time="0.056701" classname="accounts.tests.forms.test_custom_password_reset_form.CustomPasswordResetFormTestCase" name="test_form_invalid_email" /><testcase time="0.001017" classname="accounts.tests.forms.test_custom_password_reset_form.CustomPasswordResetFormTestCase" name="test_form_invalid_no_data" /><testcase time="0.010001" classname="accounts.tests.forms.test_custom_password_reset_form.CustomPasswordResetFormTestCase" name="test_form_valid" /><testcase time="0.008006" classname="accounts.tests.forms.test_login_form.LoginFormTestCase" name="test_form_invalid_email" /><testcase time="0.504000" classname="accounts.tests.forms.test_login_form.LoginFormTestCase" name="test_form_invalid_inactive_user" /><testcase time="0.507336" classname="accounts.tests.forms.test_login_form.LoginFormTestCase" name="test_form_invalid_password" /><testcase time="0.001998" classname="accounts.tests.forms.test_login_form.LoginFormTestCase" name="test_form_no_data" /><testcase time="0.245909" classname="accounts.tests.forms.test_login_form.LoginFormTestCase" name="test_form_valid" /><testcase time="0.001000" classname="accounts.tests.forms.test_login_form.LoginFormTestCase" name="test_login_form_email_label" /><testcase time="0.011002" classname="accounts.tests.forms.test_register_form.RegistrationFormTestCase" name="test_form_invalid_password" /><testcase time="0.009001" classname="accounts.tests.forms.test_register_form.RegistrationFormTestCase" name="test_form_no_data" /><testcase time="0.253994" classname="accounts.tests.forms.test_register_form.RegistrationFormTestCase" name="test_form_user_already_exists" /><testcase time="0.260006" classname="accounts.tests.forms.test_register_form.RegistrationFormTestCase" name="test_form_user_inactive" /><testcase time="0.010007" classname="accounts.tests.forms.test_register_form.RegistrationFormTestCase" name="test_form_valid" /><testcase time="0.261006" classname="accounts.tests.forms.test_register_form.RegistrationFormTestCase" name="test_user_profile_created" /><testcase time="0.005997" classname="accounts.tests.models.test_profile_model.ProfileTestCase" name="test_profile_str" /><testcase time="0.003002" classname="accounts.tests.models.test_profile_model.ProfileTestCase" name="test_user_blank" /><testcase time="0.002999" classname="accounts.tests.models.test_profile_model.ProfileTestCase" name="test_user_label" /><testcase time="0.002998" classname="accounts.tests.models.test_profile_model.ProfileTestCase" name="test_user_null" /><testcase time="0.002999" classname="accounts.tests.models.test_profile_model.ProfileTestCase" name="test_uuid_target_label" /><testcase time="0.002997" classname="accounts.tests.models.test_profile_model.ProfileTestCase" name="test_weight_blank" /><testcase time="0.004002" classname="accounts.tests.models.test_profile_model.ProfileTestCase" name="test_weight_label" /><testcase time="0.006001" classname="accounts.tests.models.test_profile_model.ProfileTestCase" name="test_weight_null" /><testcase time="0.004002" classname="accounts.tests.models.test_profile_model.ProfileTestCase" name="test_weight_target_blank" /><testcase time="0.002995" classname="accounts.tests.models.test_profile_model.ProfileTestCase" name="test_weight_target_label" /><testcase time="0.003000" classname="accounts.tests.models.test_profile_model.ProfileTestCase" name="test_weight_target_null" /><testcase time="0.013996" classname="accounts.tests.models.test_user_model.UserTestCase" name="test_signal_profile_was_created" /><testcase time="0.004999" classname="accounts.tests.models.test_user_model.UserTestCase" name="test_user_str" /><testcase time="0.570000" classname="accounts.tests.views.test_activate_account_view.TestActivateAccountView" name="test_GET_activate_account_view" /><testcase time="0.079000" classname="accounts.tests.views.test_activate_account_view.TestActivateAccountView" name="test_GET_activate_account_view_exception" /><testcase time="0.037001" classname="accounts.tests.views.test_activate_account_view.TestActivateAccountView" name="test_GET_activate_account_view_user_active" /><testcase time="0.049006" classname="accounts.tests.views.test_activate_account_view.TestActivateAccountView" name="test_GET_activate_account_view_wrong_token" /><testcase time="0.053002" classname="accounts.tests.views.test_activate_account_view.TestActivateAccountView" name="test_GET_activate_account_view_wrong_uid" /><testcase time="0.132001" classname="accounts.tests.views.test_login_view.LoginViewTestCase" name="test_GET_login_view" /><testcase time="0.580001" classname="accounts.tests.views.test_login_view.LoginViewTestCase" name="test_GET_login_view_logged_user" /><testcase time="0.544002" classname="accounts.tests.views.test_login_view.LoginViewTestCase" name="test_GET_login_view_logged_user_template_used" /><testcase time="0.071001" classname="accounts.tests.views.test_login_view.LoginViewTestCase" name="test_GET_login_view_template_used" /><testcase time="0.090001" classname="accounts.tests.views.test_login_view.LoginViewTestCase" name="test_POST_login_view_inactive_user" /><testcase time="0.080982" classname="accounts.tests.views.test_login_view.LoginViewTestCase" name="test_POST_login_view_status_code" /><testcase time="0.067017" classname="accounts.tests.views.test_login_view.LoginViewTestCase" name="test_POST_login_view_wrong_email" /><testcase time="0.071002" classname="accounts.tests.views.test_login_view.LoginViewTestCase" name="test_POST_login_view_wrong_password" /><testcase time="0.068994" classname="accounts.tests.views.test_password_reset.TestPasswordResetView" name="test_GET_password_reset_view" /><testcase time="0.120999" classname="accounts.tests.views.test_password_reset.TestPasswordResetView" name="test_POST_password_reset_view_redirect" /><testcase time="0.108999" classname="accounts.tests.views.test_password_reset.TestPasswordResetView" name="test_POST_password_reset_view_status_code" /><testcase time="0.081008" classname="accounts.tests.views.test_password_reset.TestPasswordResetView" name="test_POST_password_reset_view_wrong_email" /><testcase time="0.074001" classname="accounts.tests.views.test_profile_view.TestProfileDetailView" name="test_GET_profile_view_not_authenticated" /><testcase time="0.496987" classname="accounts.tests.views.test_profile_view.TestProfileDetailView" name="test_GET_profile_view_status_code" /><testcase time="0.430023" classname="accounts.tests.views.test_profile_view.TestProfileDetailView" name="test_GET_profile_view_template_used" /><testcase time="0.434002" classname="accounts.tests.views.test_register_view.RegistrateViewTestCase" name="test_GET_register_view_redirect_logged_user" /><testcase time="0.366600" classname="accounts.tests.views.test_register_view.RegistrateViewTestCase" name="test_GET_register_view_redirect_logged_user_template_used" /><testcase time="0.051000" classname="accounts.tests.views.test_register_view.RegistrateViewTestCase" name="test_GET_register_view_status_code" /><testcase time="0.042025" classname="accounts.tests.views.test_register_view.RegistrateViewTestCase" name="test_GET_register_view_template_used" /><testcase time="0.247999" classname="accounts.tests.views.test_register_view.RegistrateViewTestCase" name="test_POST_register_view_email_sent" /><testcase time="0.244444" classname="accounts.tests.views.test_register_view.RegistrateViewTestCase" name="test_POST_register_view_profile_created" /><testcase time="0.265001" classname="accounts.tests.views.test_register_view.RegistrateViewTestCase" name="test_POST_register_view_redirect_code" /><testcase time="0.262995" classname="accounts.tests.views.test_register_view.RegistrateViewTestCase" name="test_POST_register_view_status_code" /><testcase time="0.048003" classname="accounts.tests.views.test_register_view.RegistrateViewTestCase" name="test_POST_register_view_unmatching_password" /><testcase time="0.233443" classname="accounts.tests.views.test_register_view.RegistrateViewTestCase" name="test_POST_register_view_user_created" /><testcase time="0.019962" classname="foods.tests.forms.test_food_create_form.TestRegistrationForm" name="test_food_created" /><testcase time="0.005998" classname="foods.tests.forms.test_food_create_form.TestRegistrationForm" name="test_form_invalid_calories" /><testcase time="0.003999" classname="foods.tests.forms.test_food_create_form.TestRegistrationForm" name="test_form_no_data" /><testcase time="0.006003" classname="foods.tests.forms.test_food_create_form.TestRegistrationForm" name="test_form_valid" /><testcase time="0.004997" classname="foods.tests.models.test_food_consumed.TestFoodModel" name="test_food_consumed_str" /><testcase time="0.005999" classname="foods.tests.models.test_food_model.TestFoodModel" name="test_food_absolute_url" /><testcase time="0.001002" classname="foods.tests.models.test_food_model.TestFoodModel" name="test_food_str" /><testcase time="0.005002" classname="foods.tests.urls.test_urls.TestUrls" name="test_delete_food_consumed_url_resolves" /><testcase time="0.007000" classname="foods.tests.urls.test_urls.TestUrls" name="test_delete_registered_food_url_resolves" /><testcase time="0.006000" classname="foods.tests.urls.test_urls.TestUrls" name="test_food_consumed_detail_url_resolves" /><testcase time="0.004000" classname="foods.tests.urls.test_urls.TestUrls" name="test_food_create_url_resolves" /><testcase time="0.005001" classname="foods.tests.urls.test_urls.TestUrls" name="test_food_delete_url_resolves" /><testcase time="0.000999" classname="foods.tests.urls.test_urls.TestUrls" name="test_food_details_url_resolves" /><testcase time="0.006001" classname="foods.tests.urls.test_urls.TestUrls" name="test_food_update_url_resolves" /><testcase time="0.001981" classname="foods.tests.urls.test_urls.TestUrls" name="test_list_daily_user_food_status_url_resolves" /><testcase time="0.007003" classname="foods.tests.urls.test_urls.TestUrls" name="test_list_food_consumed_registered_url_resolves" /><testcase time="0.001007" classname="foods.tests.urls.test_urls.TestUrls" name="test_list_foods_account_url_resolves" /><testcase time="0.001995" classname="foods.tests.urls.test_urls.TestUrls" name="test_list_registered_food_url_resolves" /><testcase time="0.046002" classname="foods.tests.views.test_food_consumed_view.TestFoodConsumedViews" name="test_GET_food_consumed_detail_view_not_authenticated" /><testcase time="0.315588" classname="foods.tests.views.test_food_consumed_view.TestFoodConsumedViews" name="test_GET_food_consumed_detail_view_status_code" /><testcase time="0.283000" classname="foods.tests.views.test_food_consumed_view.TestFoodConsumedViews" name="test_GET_food_consumed_detail_view_template_used" /><testcase time="0.045000" classname="foods.tests.views.test_food_consumed_view.TestFoodConsumedViews" name="test_GET_food_consumed_registered_list_view_not_authenticated" /><testcase time="0.344994" classname="foods.tests.views.test_food_consumed_view.TestFoodConsumedViews" name="test_GET_food_consumed_registered_list_view_status_code" /><testcase time="0.337007" classname="foods.tests.views.test_food_consumed_view.TestFoodConsumedViews" name="test_GET_food_consumed_registered_list_view_template_used" /><testcase time="0.046000" classname="foods.tests.views.test_food_view.TestProfileDetailView" name="test_GET_foods_details_view_not_authenticated" /><testcase time="0.316000" classname="foods.tests.views.test_food_view.TestProfileDetailView" name="test_GET_foods_details_view_status_code" /><testcase time="0.367001" classname="foods.tests.views.test_food_view.TestProfileDetailView" name="test_GET_foods_details_view_template_used" /><testcase time="0.052992" classname="foods.tests.views.test_food_view.TestProfileDetailView" name="test_GET_foods_list_view_not_authenticated" /><testcase time="0.355243" classname="foods.tests.views.test_food_view.TestProfileDetailView" name="test_GET_foods_list_view_status_code" /><testcase time="0.315626" classname="foods.tests.views.test_food_view.TestProfileDetailView" name="test_GET_foods_list_view_template_used" /><testcase time="0.043978" classname="foods.tests.views.test_registeredfood_view.TestRegisteredFoodViews" name="test_GET_registered_foods_list_view_not_authenticated" /><testcase time="0.290298" classname="foods.tests.views.test_registeredfood_view.TestRegisteredFoodViews" name="test_GET_registered_foods_list_view_status_code" /><testcase time="0.283961" classname="foods.tests.views.test_registeredfood_view.TestRegisteredFoodViews" name="test_GET_registered_foods_list_view_template_used" /><testcase time="0.001000" classname="accounts.tests.urls.test_urls.UrlsTestCase" name="test_activate_account_url_resolves" /><testcase time="0.001000" classname="accounts.tests.urls.test_urls.UrlsTestCase" name="test_login_url_resolves" /><testcase time="0.001003" classname="accounts.tests.urls.test_urls.UrlsTestCase" name="test_logout_url_resolves" /><testcase time="0.001009" classname="accounts.tests.urls.test_urls.UrlsTestCase" name="test_password_reset_confirm_url_resolves" /><testcase time="0.001994" classname="accounts.tests.urls.test_urls.UrlsTestCase" name="test_password_reset_url_resolves" /><testcase time="0.000998" classname="accounts.tests.urls.test_urls.UrlsTestCase" name="test_profile_url_resolves" /><testcase time="0.000997" classname="accounts.tests.urls.test_urls.UrlsTestCase" name="test_register_url_resolves" /></testsuite>